// Jest Snapshot v1, https://goo.gl/fbAQLP

exports[`nexus-decorators adds a todo field if there is no field 1`] = `
"type A {
  \\"\\"\\"Auto-generated by nexus-decorators as the objectType is missing fields\\"\\"\\"
  todo: Boolean
}

type Query {
  ok: Boolean!
}
"
`;

exports[`nexus-decorators creates a schema 1`] = `
"\\"\\"\\"Implements the Node id\\"\\"\\"
interface Node {
  id: ID!
}

\\"\\"\\"Object with missing fields\\"\\"\\"
type MissingFields implements Node {
  id: ID!
}

\\"\\"\\"A user can have posts\\"\\"\\"
type Post implements Node {
  id: ID!
  title: String
  contents: String
  author: User
  ok: Boolean
  abc: String
  comments: [Comment]
  missingFields: [MissingFields]
}

\\"\\"\\"A single user in the app\\"\\"\\"
type User implements Node {
  id: ID!
  fullName: String
  email: String
  firstName: String
  lastName: String

  \\"\\"\\"A list of posts for a user\\"\\"\\"
  posts: [Post]!
}

type Query {
  \\"\\"\\"A list of all users in the app\\"\\"\\"
  users: [User]

  \\"\\"\\"Finds a user by their email\\"\\"\\"
  userByEmail(email: String): User

  \\"\\"\\"A list of posts for the app\\"\\"\\"
  posts: [Post!]

  \\"\\"\\"Generic node lookup\\"\\"\\"
  node(id: ID!): Node
}

type Comment {
  content: String
}
"
`;

exports[`nexus-decorators merges fields from inherited classes 1`] = `
"type PageInfo {
  endCursor: String
  hasNextPage: Boolean!
  hasPreviousPage: Boolean!
  startCursor: String
}

type Query {
  users: UserConnection
}

type User {
  id: ID
}

type UserConnection {
  edges: [UserConnectionEdge]
  pageInfo: PageInfo
}

type UserConnectionEdge {
  cursor: String
  node: User
}
"
`;
